// Jest Snapshot v1, https://goo.gl/fbAQLP

exports[`VirtualAssistant should render assistant 1`] = `
<div>
  <div
    class="pf-v6-c-card"
    data-ouia-component-id="OUIA-Generated-Card-1"
    data-ouia-component-type="PF6/Card"
    data-ouia-safe="true"
    id=""
  >
    <div
      class="pf-v6-c-card__header"
    >
      <div
        class="pf-v6-c-card__header-main"
      >
        <div
          class="pf-v6-c-card__title"
        >
          <div
            class="pf-v6-c-card__title-text pf-v6-u-font-size-xl"
            data-test-id="assistant-title"
          >
            Virtual Assistant
          </div>
        </div>
      </div>
    </div>
    <div
      class="pf-v6-c-card__body"
    />
    <div
      class="pf-v6-c-card__footer"
    >
      <div
        class="pf-v6-c-input-group"
      >
        <span
          class="pf-v6-c-form-control pf-m-resize-both"
        >
          <textarea
            aria-invalid="false"
            aria-label="Assistant input"
            data-test-id="assistant-text-input"
            placeholder="Type a message..."
            type="text"
          />
        </span>
        <div
          class="pf-v6-c-input-group__item pf-m-box"
        >
          <span
            class="pf-v6-c-input-group__text"
          >
            <button
              aria-disabled="false"
              aria-label="Virtual assistant's message"
              class="pf-v6-c-button pf-m-plain pf-v6-u-px-sm"
              data-ouia-component-id="OUIA-Generated-Button-plain-1"
              data-ouia-component-type="PF6/Button"
              data-ouia-safe="true"
              data-test-id="assistant-send-button"
              type="button"
            >
              <span
                class="pf-v6-c-button__text"
              >
                <svg
                  aria-hidden="true"
                  class="pf-v6-svg"
                  fill="currentColor"
                  height="1em"
                  role="img"
                  viewBox="0 0 512 512"
                  width="1em"
                >
                  <path
                    d="M476 3.2L12.5 270.6c-18.1 10.4-15.8 35.6 2.2 43.2L121 358.4l287.3-253.2c5.5-4.9 13.3 2.6 8.6 8.3L176 407v80.5c0 23.6 28.5 32.9 42.5 15.8L282 426l124.6 52.2c14.2 6 30.4-2.9 33-18.2l72-432C515 7.8 493.3-6.8 476 3.2z"
                  />
                </svg>
              </span>
            </button>
          </span>
        </div>
      </div>
    </div>
  </div>
</div>
`;
